// Jest Snapshot v1, https://goo.gl/fbAQLP

exports[`<AboutMyQRCode /> AboutMyQRCode testing with snapshot 1`] = `
<View
  style={
    Object {
      "backgroundColor": "#fafafa",
      "flex": 1,
    }
  }
>
  <View
    accessibilityRole="button"
    accessibilityState={
      Object {
        "disabled": undefined,
      }
    }
    accessible={true}
    focusable={true}
    hitSlop={
      Object {
        "bottom": 6,
        "left": 6,
        "right": 6,
        "top": 6,
      }
    }
    onClick={[Function]}
    onResponderGrant={[Function]}
    onResponderMove={[Function]}
    onResponderRelease={[Function]}
    onResponderTerminate={[Function]}
    onResponderTerminationRequest={[Function]}
    onStartShouldSetResponder={[Function]}
    style={
      Array [
        Object {
          "overflow": "hidden",
        },
        Array [
          Object {
            "alignItems": "center",
            "justifyContent": "center",
            "margin": 6,
            "overflow": "hidden",
          },
          Object {
            "borderRadius": 26.25,
            "height": 52.5,
            "width": 52.5,
          },
          undefined,
          Object {
            "alignSelf": "flex-end",
            "marginRight": 10,
            "marginTop": 40,
          },
        ],
      ]
    }
  >
    <View>
      <Text />
    </View>
  </View>
  <Text
    style={
      Object {
        "alignSelf": "center",
        "fontSize": 30,
        "paddingBottom": 10,
      }
    }
  >
     Preview 
  </Text>
  <View
    style={
      Object {
        "alignSelf": "center",
        "backgroundColor": "#fafafa",
        "borderWidth": 1,
        "flex": 1,
        "height": 0,
        "paddingHorizontal": 50,
      }
    }
  >
    <TextInput
      allowFontScaling={true}
      placeholder="ABC company"
      rejectResponderTermination={true}
      style={
        Object {
          "alignSelf": "center",
          "fontSize": 30,
          "marginTop": 20,
          "paddingBottom": 10,
        }
      }
      underlineColorAndroid="transparent"
    />
    <Image
      source={1}
      style={
        Object {
          "alignSelf": "center",
          "borderWidth": 1,
          "height": 250,
          "marginBottom": 100,
          "marginTop": 50,
          "resizeMode": "contain",
          "width": 250,
        }
      }
    />
    <TextInput
      allowFontScaling={true}
      multiline={true}
      numberOfLines={5}
      placeholder="Edit Message: Scan the QR code to check into our business."
      rejectResponderTermination={true}
      style={
        Object {
          "alignSelf": "center",
          "borderBottomWidth": 1,
          "fontSize": 20,
          "paddingBottom": 10,
          "width": 300,
        }
      }
      underlineColorAndroid="transparent"
    />
  </View>
  <View
    accessible={true}
    focusable={true}
    onClick={[Function]}
    onResponderGrant={[Function]}
    onResponderMove={[Function]}
    onResponderRelease={[Function]}
    onResponderTerminate={[Function]}
    onResponderTerminationRequest={[Function]}
    onStartShouldSetResponder={[Function]}
    style={
      Object {
        "alignSelf": "center",
        "backgroundColor": "#0a0540",
        "borderRadius": 25,
        "marginBottom": 40,
        "opacity": 1,
        "padding": 15,
        "width": 150,
      }
    }
  >
    <Text
      style={
        Object {
          "alignSelf": "center",
          "color": "#fafafa",
        }
      }
    >
      Save
    </Text>
  </View>
</View>
`;
