// Jest Snapshot v1, https://goo.gl/fbAQLP

exports[`<CreateAccountInfo /> CreateAccountInfo testing with snapshot 1`] = `
<View
  onLayout={[Function]}
  style={
    Array [
      Object {
        "flex": 1,
      },
      Object {
        "paddingBottom": 0,
      },
    ]
  }
>
  <View
    style={
      Object {
        "backgroundColor": "#fafafa",
        "flex": 1,
        "padding": 70,
        "paddingBottom": 20,
      }
    }
  >
    <Text
      style={
        Object {
          "fontSize": 28,
          "marginBottom": 30,
          "paddingBottom": 20,
          "paddingTop": 50,
        }
      }
    >
       Create an Account 
    </Text>
    <RCTScrollView
      collapsable={false}
      onGestureHandlerEvent={[Function]}
      onGestureHandlerStateChange={[Function]}
      showsVerticalScrollIndicator={false}
    >
      <View>
        <View
          style={
            Object {
              "paddingTop": 12,
            }
          }
        >
          <View>
            <View
              pointerEvents="none"
              style={
                Array [
                  Object {
                    "bottom": 0,
                    "left": 0,
                    "position": "absolute",
                    "right": 0,
                    "top": 6,
                  },
                  Object {
                    "backgroundColor": "#fafafa",
                    "borderColor": "rgba(0, 0, 0, 0.54)",
                    "borderRadius": 4,
                    "borderWidth": 1,
                  },
                ]
              }
            />
            <View
              style={
                Object {
                  "minHeight": 64,
                  "paddingBottom": 0,
                  "paddingTop": 8,
                }
              }
            >
              <View
                pointerEvents="none"
                style={
                  Object {
                    "bottom": 0,
                    "left": 0,
                    "opacity": 1,
                    "position": "absolute",
                    "right": 0,
                    "top": 0,
                    "transform": Array [
                      Object {
                        "translateX": 0,
                      },
                    ],
                  }
                }
              >
                <View
                  pointerEvents="none"
                  style={
                    Object {
                      "backgroundColor": "#fafafa",
                      "bottom": 0,
                      "height": 2,
                      "left": 10,
                      "opacity": 0,
                      "position": "absolute",
                      "right": 0,
                      "top": 6,
                      "transform": Array [
                        Object {
                          "translateX": 0,
                        },
                      ],
                      "width": 8,
                    }
                  }
                />
                <Text
                  numberOfLines={1}
                  style={
                    Object {
                      "backgroundColor": "#fafafa",
                      "color": "transparent",
                      "fontFamily": "System",
                      "fontSize": 16,
                      "fontWeight": undefined,
                      "left": 18,
                      "opacity": 0,
                      "paddingHorizontal": 0,
                      "position": "absolute",
                      "textAlign": "left",
                      "top": 37,
                      "transform": Array [
                        Object {
                          "translateX": 0,
                        },
                        Object {
                          "translateY": 0,
                        },
                        Object {
                          "scale": 1,
                        },
                        Object {
                          "scaleY": 1,
                        },
                      ],
                      "writingDirection": "ltr",
                    }
                  }
                >
                  EMAIL
                </Text>
                <Text
                  numberOfLines={1}
                  onLayout={[Function]}
                  style={
                    Object {
                      "color": "#0a0540",
                      "fontFamily": "System",
                      "fontSize": 16,
                      "fontWeight": undefined,
                      "left": 0,
                      "opacity": 0,
                      "paddingHorizontal": 14,
                      "position": "absolute",
                      "textAlign": "left",
                      "top": 36,
                      "transform": Array [
                        Object {
                          "translateX": 0,
                        },
                        Object {
                          "translateY": 0,
                        },
                        Object {
                          "scale": 1,
                        },
                      ],
                      "writingDirection": "ltr",
                    }
                  }
                >
                  EMAIL
                </Text>
                <Text
                  numberOfLines={1}
                  style={
                    Object {
                      "color": "rgba(0, 0, 0, 0.54)",
                      "fontFamily": "System",
                      "fontSize": 16,
                      "fontWeight": undefined,
                      "left": 0,
                      "opacity": 0,
                      "paddingHorizontal": 14,
                      "position": "absolute",
                      "textAlign": "left",
                      "top": 36,
                      "transform": Array [
                        Object {
                          "translateX": 0,
                        },
                        Object {
                          "translateY": 0,
                        },
                        Object {
                          "scale": 1,
                        },
                      ],
                      "writingDirection": "ltr",
                    }
                  }
                >
                  EMAIL
                </Text>
              </View>
              <TextInput
                allowFontScaling={true}
                autoCapitalize="none"
                editable={true}
                multiline={false}
                onBlur={[Function]}
                onChangeText={[Function]}
                onFocus={[Function]}
                placeholder=""
                placeholderTextColor="rgba(0, 0, 0, 0.54)"
                rejectResponderTermination={true}
                selectionColor="#0a0540"
                style={
                  Array [
                    Object {
                      "flexGrow": 1,
                      "margin": 0,
                      "paddingHorizontal": 14,
                      "zIndex": 1,
                    },
                    Object {
                      "height": 56,
                    },
                    Object {
                      "paddingBottom": 0,
                      "paddingTop": 0,
                    },
                    Object {
                      "color": "#000000",
                      "fontFamily": "System",
                      "fontSize": 16,
                      "fontWeight": undefined,
                      "textAlign": "left",
                      "textAlignVertical": "center",
                    },
                    Array [
                      Object {},
                    ],
                  ]
                }
                underlineColorAndroid="transparent"
                value=""
              />
            </View>
          </View>
        </View>
        <Text
          style={
            Object {
              "color": "red",
              "fontSize": 11,
              "paddingBottom": 0,
            }
          }
        >
          
        </Text>
        <View
          style={
            Object {
              "borderBottomColor": "grey",
              "borderBottomWidth": 1,
              "padding": 20,
            }
          }
        />
        <View
          style={
            Object {
              "paddingTop": 16,
            }
          }
        >
          <View>
            <View
              pointerEvents="none"
              style={
                Array [
                  Object {
                    "bottom": 0,
                    "left": 0,
                    "position": "absolute",
                    "right": 0,
                    "top": 6,
                  },
                  Object {
                    "backgroundColor": "#fafafa",
                    "borderColor": "rgba(0, 0, 0, 0.54)",
                    "borderRadius": 4,
                    "borderWidth": 1,
                  },
                ]
              }
            />
            <View
              style={
                Object {
                  "minHeight": 64,
                  "paddingBottom": 0,
                  "paddingTop": 8,
                }
              }
            >
              <View
                pointerEvents="none"
                style={
                  Object {
                    "bottom": 0,
                    "left": 0,
                    "opacity": 1,
                    "position": "absolute",
                    "right": 0,
                    "top": 0,
                    "transform": Array [
                      Object {
                        "translateX": 0,
                      },
                    ],
                  }
                }
              >
                <View
                  pointerEvents="none"
                  style={
                    Object {
                      "backgroundColor": "#fafafa",
                      "bottom": 0,
                      "height": 2,
                      "left": 10,
                      "opacity": 0,
                      "position": "absolute",
                      "right": 0,
                      "top": 6,
                      "transform": Array [
                        Object {
                          "translateX": 0,
                        },
                      ],
                      "width": 8,
                    }
                  }
                />
                <Text
                  numberOfLines={1}
                  style={
                    Object {
                      "backgroundColor": "#fafafa",
                      "color": "transparent",
                      "fontFamily": "System",
                      "fontSize": 16,
                      "fontWeight": undefined,
                      "left": 18,
                      "opacity": 0,
                      "paddingHorizontal": 0,
                      "position": "absolute",
                      "textAlign": "left",
                      "top": 37,
                      "transform": Array [
                        Object {
                          "translateX": 0,
                        },
                        Object {
                          "translateY": 0,
                        },
                        Object {
                          "scale": 1,
                        },
                        Object {
                          "scaleY": 1,
                        },
                      ],
                      "writingDirection": "ltr",
                    }
                  }
                >
                  PASSWORD
                </Text>
                <Text
                  numberOfLines={1}
                  onLayout={[Function]}
                  style={
                    Object {
                      "color": "#0a0540",
                      "fontFamily": "System",
                      "fontSize": 16,
                      "fontWeight": undefined,
                      "left": 0,
                      "opacity": 0,
                      "paddingHorizontal": 14,
                      "position": "absolute",
                      "textAlign": "left",
                      "top": 36,
                      "transform": Array [
                        Object {
                          "translateX": 0,
                        },
                        Object {
                          "translateY": 0,
                        },
                        Object {
                          "scale": 1,
                        },
                      ],
                      "writingDirection": "ltr",
                    }
                  }
                >
                  PASSWORD
                </Text>
                <Text
                  numberOfLines={1}
                  style={
                    Object {
                      "color": "rgba(0, 0, 0, 0.54)",
                      "fontFamily": "System",
                      "fontSize": 16,
                      "fontWeight": undefined,
                      "left": 0,
                      "opacity": 0,
                      "paddingHorizontal": 14,
                      "position": "absolute",
                      "textAlign": "left",
                      "top": 36,
                      "transform": Array [
                        Object {
                          "translateX": 0,
                        },
                        Object {
                          "translateY": 0,
                        },
                        Object {
                          "scale": 1,
                        },
                      ],
                      "writingDirection": "ltr",
                    }
                  }
                >
                  PASSWORD
                </Text>
              </View>
              <TextInput
                allowFontScaling={true}
                autoCapitalize="none"
                editable={true}
                multiline={false}
                onBlur={[Function]}
                onChangeText={[Function]}
                onFocus={[Function]}
                placeholder=""
                placeholderTextColor="rgba(0, 0, 0, 0.54)"
                rejectResponderTermination={true}
                secureTextEntry={true}
                selectionColor="#0a0540"
                style={
                  Array [
                    Object {
                      "flexGrow": 1,
                      "margin": 0,
                      "paddingHorizontal": 14,
                      "zIndex": 1,
                    },
                    Object {
                      "height": 56,
                    },
                    Object {
                      "paddingBottom": 0,
                      "paddingTop": 0,
                    },
                    Object {
                      "color": "#000000",
                      "fontFamily": "System",
                      "fontSize": 16,
                      "fontWeight": undefined,
                      "textAlign": "left",
                      "textAlignVertical": "center",
                    },
                    Array [
                      Object {},
                    ],
                  ]
                }
                underlineColorAndroid="transparent"
                value=""
              />
            </View>
          </View>
        </View>
        <Text
          style={
            Object {
              "color": "red",
              "fontSize": 11,
              "paddingBottom": 0,
            }
          }
        >
          
        </Text>
        <View
          style={
            Object {
              "paddingTop": 12,
            }
          }
        >
          <View>
            <View
              pointerEvents="none"
              style={
                Array [
                  Object {
                    "bottom": 0,
                    "left": 0,
                    "position": "absolute",
                    "right": 0,
                    "top": 6,
                  },
                  Object {
                    "backgroundColor": "#fafafa",
                    "borderColor": "rgba(0, 0, 0, 0.26)",
                    "borderRadius": 4,
                    "borderWidth": 1,
                  },
                ]
              }
            />
            <View
              style={
                Object {
                  "minHeight": 64,
                  "paddingBottom": 0,
                  "paddingTop": 8,
                }
              }
            >
              <View
                pointerEvents="none"
                style={
                  Object {
                    "bottom": 0,
                    "left": 0,
                    "opacity": 1,
                    "position": "absolute",
                    "right": 0,
                    "top": 0,
                    "transform": Array [
                      Object {
                        "translateX": 0,
                      },
                    ],
                  }
                }
              >
                <View
                  pointerEvents="none"
                  style={
                    Object {
                      "backgroundColor": "#fafafa",
                      "bottom": 0,
                      "height": 2,
                      "left": 10,
                      "opacity": 0,
                      "position": "absolute",
                      "right": 0,
                      "top": 6,
                      "transform": Array [
                        Object {
                          "translateX": 0,
                        },
                      ],
                      "width": 8,
                    }
                  }
                />
                <Text
                  numberOfLines={1}
                  style={
                    Object {
                      "backgroundColor": "#fafafa",
                      "color": "transparent",
                      "fontFamily": "System",
                      "fontSize": 16,
                      "fontWeight": undefined,
                      "left": 18,
                      "opacity": 0,
                      "paddingHorizontal": 0,
                      "position": "absolute",
                      "textAlign": "left",
                      "top": 37,
                      "transform": Array [
                        Object {
                          "translateX": 0,
                        },
                        Object {
                          "translateY": 0,
                        },
                        Object {
                          "scale": 1,
                        },
                        Object {
                          "scaleY": 1,
                        },
                      ],
                      "writingDirection": "ltr",
                    }
                  }
                >
                  CONFIRM PASSWORD
                </Text>
                <Text
                  numberOfLines={1}
                  onLayout={[Function]}
                  style={
                    Object {
                      "color": "rgba(0, 0, 0, 0.54)",
                      "fontFamily": "System",
                      "fontSize": 16,
                      "fontWeight": undefined,
                      "left": 0,
                      "opacity": 0,
                      "paddingHorizontal": 14,
                      "position": "absolute",
                      "textAlign": "left",
                      "top": 36,
                      "transform": Array [
                        Object {
                          "translateX": 0,
                        },
                        Object {
                          "translateY": 0,
                        },
                        Object {
                          "scale": 1,
                        },
                      ],
                      "writingDirection": "ltr",
                    }
                  }
                >
                  CONFIRM PASSWORD
                </Text>
                <Text
                  numberOfLines={1}
                  style={
                    Object {
                      "color": "rgba(0, 0, 0, 0.26)",
                      "fontFamily": "System",
                      "fontSize": 16,
                      "fontWeight": undefined,
                      "left": 0,
                      "opacity": 0,
                      "paddingHorizontal": 14,
                      "position": "absolute",
                      "textAlign": "left",
                      "top": 36,
                      "transform": Array [
                        Object {
                          "translateX": 0,
                        },
                        Object {
                          "translateY": 0,
                        },
                        Object {
                          "scale": 1,
                        },
                      ],
                      "writingDirection": "ltr",
                    }
                  }
                >
                  CONFIRM PASSWORD
                </Text>
              </View>
              <TextInput
                allowFontScaling={true}
                autoCapitalize="none"
                editable={false}
                multiline={false}
                onBlur={[Function]}
                onChangeText={[Function]}
                onFocus={[Function]}
                placeholder=""
                placeholderTextColor="rgba(0, 0, 0, 0.26)"
                rejectResponderTermination={true}
                secureTextEntry={true}
                selectionColor="rgba(0, 0, 0, 0.54)"
                style={
                  Array [
                    Object {
                      "flexGrow": 1,
                      "margin": 0,
                      "paddingHorizontal": 14,
                      "zIndex": 1,
                    },
                    Object {
                      "height": 56,
                    },
                    Object {
                      "paddingBottom": 0,
                      "paddingTop": 0,
                    },
                    Object {
                      "color": "rgba(0, 0, 0, 0.54)",
                      "fontFamily": "System",
                      "fontSize": 16,
                      "fontWeight": undefined,
                      "textAlign": "left",
                      "textAlignVertical": "center",
                    },
                    Array [
                      Object {},
                    ],
                  ]
                }
                underlineColorAndroid="transparent"
                value=""
              />
            </View>
          </View>
        </View>
        <Text
          style={
            Object {
              "color": "red",
              "fontSize": 11,
              "paddingBottom": 0,
            }
          }
        >
          
        </Text>
        <View
          style={
            Object {
              "marginBottom": 130,
            }
          }
        />
        <View
          accessible={true}
          focusable={true}
          onClick={[Function]}
          onResponderGrant={[Function]}
          onResponderMove={[Function]}
          onResponderRelease={[Function]}
          onResponderTerminate={[Function]}
          onResponderTerminationRequest={[Function]}
          onStartShouldSetResponder={[Function]}
          style={
            Object {
              "alignSelf": "center",
              "backgroundColor": "#0a0540",
              "borderRadius": 25,
              "opacity": 1,
              "padding": 15,
              "width": 120,
            }
          }
        >
          <Text
            style={
              Object {
                "alignSelf": "center",
                "color": "#fafafa",
              }
            }
          >
            Sign Up
          </Text>
        </View>
      </View>
    </RCTScrollView>
  </View>
</View>
`;
