// Jest Snapshot v1, https://goo.gl/fbAQLP

exports[`<HelpMyQRCode /> HelpMyQRCode testing with snapshot 1`] = `
<View
  style={
    Object {
      "backgroundColor": "#fafafa",
      "flex": 1,
      "paddingBottom": 20,
    }
  }
>
  <View
    accessibilityRole="button"
    accessibilityState={
      Object {
        "disabled": undefined,
      }
    }
    accessible={true}
    focusable={true}
    hitSlop={
      Object {
        "bottom": 6,
        "left": 6,
        "right": 6,
        "top": 6,
      }
    }
    onClick={[Function]}
    onResponderGrant={[Function]}
    onResponderMove={[Function]}
    onResponderRelease={[Function]}
    onResponderTerminate={[Function]}
    onResponderTerminationRequest={[Function]}
    onStartShouldSetResponder={[Function]}
    style={
      Array [
        Object {
          "overflow": "hidden",
        },
        Array [
          Object {
            "alignItems": "center",
            "justifyContent": "center",
            "margin": 6,
            "overflow": "hidden",
          },
          Object {
            "borderRadius": 26.25,
            "height": 52.5,
            "width": 52.5,
          },
          undefined,
          Object {
            "alignSelf": "flex-end",
            "marginRight": 10,
            "marginTop": 40,
          },
        ],
      ]
    }
  >
    <View>
      <Text />
    </View>
  </View>
  <View
    style={
      Object {
        "alignSelf": "center",
        "backgroundColor": "#fafafa",
        "flex": 1,
        "paddingHorizontal": 70,
      }
    }
  >
    <Text
      style={
        Object {
          "alignSelf": "center",
          "fontSize": 30,
          "paddingBottom": 10,
        }
      }
    >
       QR Code FAQ 
    </Text>
    <RCTScrollView
      collapsable={false}
      onGestureHandlerEvent={[Function]}
      onGestureHandlerStateChange={[Function]}
      showsVerticalScrollIndicator={false}
    >
      <View>
        <Text
          style={
            Object {
              "fontSize": 20,
              "fontWeight": "bold",
              "paddingBottom": 15,
              "paddingTop": 30,
            }
          }
        >
           What happens when a customer scan a QR code? 
        </Text>
        <Text
          style={
            Object {
              "backgroundColor": "#ebf2ff",
              "borderColor": "#a4cbde",
              "borderRadius": 10,
              "borderWidth": 1,
              "fontSize": 15,
              "padding": 10,
              "paddingBottom": 10,
            }
          }
        >
          

          Scanning the QR code allows
          

          customers to check into your business.
          

          

          The QR code sends information about
          

           * your business
          

           * customer's contact information and the total number of people who were checked in as one group
          

        </Text>
        <Text
          style={
            Object {
              "fontSize": 20,
              "fontWeight": "bold",
              "paddingBottom": 15,
              "paddingTop": 30,
            }
          }
        >
           How to display a QR code? 
        </Text>
        <Text
          style={
            Object {
              "backgroundColor": "#ebf2ff",
              "borderColor": "#a4cbde",
              "borderRadius": 10,
              "borderWidth": 1,
              "fontSize": 15,
              "padding": 10,
              "paddingBottom": 10,
            }
          }
        >
          

           1.   Get a copy of your QR code by
          

                tapping the "Share PDF"
          

                button.
          

          

           2.   Post it wherever your customers
          

                can see it well and scan it easily,
          

                such as at the entrance,
          

                at the cash register,
          

                and/or around a waiting area.
          

        </Text>
      </View>
    </RCTScrollView>
  </View>
</View>
`;
