// Jest Snapshot v1, https://goo.gl/fbAQLP

exports[`<Start /> Start testing with snapshot 1`] = `
<View
  style={
    Object {
      "alignItems": "center",
      "backgroundColor": "#e8efff",
      "flex": 1,
    }
  }
>
  <Image
    source={1}
    style={
      Object {
        "height": 250,
        "marginBottom": 100,
        "marginTop": 100,
        "resizeMode": "contain",
        "width": 250,
      }
    }
  />
  <View
    accessible={true}
    focusable={true}
    onClick={[Function]}
    onResponderGrant={[Function]}
    onResponderMove={[Function]}
    onResponderRelease={[Function]}
    onResponderTerminate={[Function]}
    onResponderTerminationRequest={[Function]}
    onStartShouldSetResponder={[Function]}
    style={
      Object {
        "backgroundColor": "#0a0540",
        "borderColor": "#0a0540",
        "borderRadius": 30,
        "borderWidth": 1.5,
        "opacity": 1,
        "paddingLeft": 20,
        "paddingRight": 20,
      }
    }
  >
    <Text
      style={
        Object {
          "color": "white",
          "fontSize": 20,
          "padding": 10,
          "paddingLeft": 60,
          "paddingRight": 60,
        }
      }
    >
      Sign In
    </Text>
  </View>
  <View
    style={
      Object {
        "marginTop": 50,
      }
    }
  >
    <View
      accessible={true}
      focusable={true}
      onClick={[Function]}
      onResponderGrant={[Function]}
      onResponderMove={[Function]}
      onResponderRelease={[Function]}
      onResponderTerminate={[Function]}
      onResponderTerminationRequest={[Function]}
      onStartShouldSetResponder={[Function]}
      style={
        Object {
          "borderColor": "#0a0540",
          "borderRadius": 30,
          "borderWidth": 1.5,
          "opacity": 1,
          "paddingLeft": 20,
          "paddingRight": 20,
        }
      }
    >
      <Text
        style={
          Object {
            "color": "#0a0540",
            "fontSize": 20,
            "padding": 10,
          }
        }
      >
        Create an Account
      </Text>
    </View>
  </View>
</View>
`;
